[backblue.gif]
[fade.gif]
[index.html]
[www.reportmill.com/support/DesDocs.html]
[www.reportmill.com/support/DevDocs.html]
[reportmill.com/shared/navbar.js]
[www.reportmill.com/support/tutorial.pdf]
[www.reportmill.com/support/UserGuide.pdf]
[www.reportmill.com/support/index.html]
[www.reportmill.com/support/TableRowVersionsAdvanced.pdf]
[www.reportmill.com/support/tables.pdf]
[www.reportmill.com/support/TableGroups.pdf]
[www.reportmill.com/support/graphing.pdf]
[www.reportmill.com/support/Resizing]
[www.reportmill.com/support/forms.pdf]
[www.reportmill.com/support/CrossTab.pdf]
[www.reportmill.com/support/keychains.pdf]
[www.reportmill.com/support/Subreports.pdf]
[www.reportmill.com/support/PropertyExpressions]
[www.reportmill.com/support/BasicApi.pdf]
[www.reportmill.com/support/PropertyExpressions/PropExpr1.jpg]
[www.reportmill.com/support/PropertyExpressions/PropExpr2.jpg]
[www.reportmill.com/support/PropertyExpressions/index.html]
[www.reportmill.com/support/FormattedStrings.pdf]
[www.reportmill.com/support/TableOfContents.rpt]
[www.reportmill.com/support/TableOfContents.jpg]
[www.reportmill.com/support/TableOfContents.html]
[reportmill.com/support/rm9.html]
[www.reportmill.com/support/JDBC.html]
[www.reportmill.com/support/RMListener.html]
[www.reportmill.com/images/menu.gif]
[www.reportmill.com/support/CustomFunctions.html]
[www.reportmill.com/support/imagesubstitution]
[www.reportmill.com/support/RelationshipFlattening.html]
[reportmill.com/support/WebObjects.pdf]
[www.reportmill.com/support/fonts.html]
[www.reportmill.com/support/classpaths.html]
[www.reportmill.com/support/Headless.html]
[reportmill.com/support/license.html]
[www.reportmill.com/support/Localization.html]
[reportmill.com/support/TemplateManipulation.html]
[reportmill.com/support/Excel.html]
[reportmill.com/support/swing-view]
[reportmill.com/support/cases]
[reportmill.com/support/SupportHints.html]
[reportmill.com/support/ColdFusionMX.html]
[reportmill.com/support/WebLogic.html]
[www.reportmill.com/support/index-2.html]
[www.reportmill.com/support/Resizing/Layout1.jpg]
[www.reportmill.com/support/Resizing/Layout2.jpg]
[www.reportmill.com/support/Resizing/Layout3.jpg]
[www.reportmill.com/support/Resizing/Layout4.jpg]
[www.reportmill.com/support/Resizing/overflow.jpg]
[www.reportmill.com/support/Resizing/index.html]
[www.reportmill.com/support/PropertyExpressions/index-2.html]
[www.reportmill.com/support/imagesubstitution/RMImageTest.java]
[www.reportmill.com/support/imagesubstitution/index.html]
[www.reportmill.com/support/imagesubstitution/RMImageTest.pdf]
[reportmill.com/support/rm8/javadoc.html]
[www.reportmill.com/jars/poi30-rm.html]
[reportmill.com/support/swing-view/index.html]
[reportmill.com/support/cases/case1/ReportMillTest.java]
[reportmill.com/support/cases/case3/RMRack.rpt]
[reportmill.com/support/cases/case3/RMRack.pdf]
[reportmill.com/support/cases/case4/RMPDFMerge.java]
[reportmill.com/support/cases/case4/RMPDFMerge.pdf]
[reportmill.com/support/cases/case4/title.pdf]
[reportmill.com/support/cases/case4/logo.pdf]
[reportmill.com/support/cases/case4/body.pdf]
[reportmill.com/support/cases/case5/ReportMillTest.java]
[reportmill.com/support/cases/index.html]
[reportmill.com/support/cases/case2/ReportMillTest.java]
[reportmill.com/support/cases/case3/RMRack.java]
