[backblue.gif]
[fade.gif]
[index.html]
[www.reportmill.com/support/DesDocs.html]
[www.reportmill.com/support/tutorial.pdf]
[www.reportmill.com/support/UserGuide.pdf]
[www.reportmill.com/support/tables.pdf]
[www.reportmill.com/support/TableRowVersionsAdvanced.pdf]
[reportmill.com/support/WebObjects.pdf]
[www.reportmill.com/support/DevDocs.html]
[www.reportmill.com/support/TableGroups.pdf]
[reportmill.com/shared/navbar.js]
[www.reportmill.com/support/graphing.pdf]
[www.reportmill.com/support/CrossTab.pdf]
[www.reportmill.com/support/index.html]
[www.reportmill.com/support/Subreports.pdf]
[www.reportmill.com/support/forms.pdf]
[www.reportmill.com/support/Resizing]
[www.reportmill.com/support/keychains.pdf]
[www.reportmill.com/support/PropertyExpressions]
[www.reportmill.com/support/BasicApi.pdf]
[www.reportmill.com/support/PropertyExpressions/index.html]
[www.reportmill.com/support/TableOfContents.html]
[reportmill.com/support/rm9.html]
[www.reportmill.com/support/FormattedStrings.pdf]
[www.reportmill.com/support/JDBC.html]
[www.reportmill.com/support/RMListener.html]
[www.reportmill.com/support/CustomFunctions.html]
[www.reportmill.com/support/imagesubstitution]
[www.reportmill.com/support/RelationshipFlattening.html]
[www.reportmill.com/support/fonts.html]
[www.reportmill.com/support/classpaths.html]
[www.reportmill.com/support/Headless.html]
[reportmill.com/support/license.html]
[www.reportmill.com/support/Localization.html]
[reportmill.com/support/TemplateManipulation.html]
[reportmill.com/support/Excel.html]
[reportmill.com/support/swing-view/index.html]
[reportmill.com/support/cases/index.html]
[reportmill.com/support/SupportHints.html]
[reportmill.com/support/ColdFusionMX.html]
[reportmill.com/support/WebLogic.html]
